

================================================================
== Vitis HLS Report for 'update_p_kernel'
================================================================
* Date:           Sun May 10 18:02:08 2026

* Version:        2022.2 (Build 3670227 on Oct 13 2022)
* Project:        update_p_kernel
* Solution:       solution (Vitis Kernel Flow Target)
* Product family: virtexuplus
* Target device:  xcu55c-fsvh2892-2L-e


================================================================
== Performance Estimates
================================================================
+ Timing: 
    * Summary: 
    +--------+---------+----------+------------+
    |  Clock |  Target | Estimated| Uncertainty|
    +--------+---------+----------+------------+
    |ap_clk  |  3.33 ns|  2.433 ns|     0.90 ns|
    +--------+---------+----------+------------+

+ Latency: 
    * Summary: 
    +---------+---------+----------+----------+-----+-----+---------+
    |  Latency (cycles) |  Latency (absolute) |  Interval | Pipeline|
    |   min   |   max   |    min   |    max   | min | max |   Type  |
    +---------+---------+----------+----------+-----+-----+---------+
    |        ?|        ?|         ?|         ?|    ?|    ?|       no|
    +---------+---------+----------+----------+-----+-----+---------+

    + Detail: 
        * Instance: 
        N/A

        * Loop: 
        N/A

============================================================
+ Verbose Summary: Synthesis Manager
============================================================
InlineROM: 1
ExposeGlobal: 0
============================================================
+ Verbose Summary: CDFG Model
============================================================
IsTopModel: 1
ResetActiveHigh: 1
IsCombinational: 0
IsDatapathOnly: 0
HasWiredReturn: 1
HasMFsm: 0
HasVarLatency: 1
IsPipeline: 0
IsRtlPipelined: 0
IsInstanceOverlapped: 0
IsDontTouch: 0
HasImplIP: 0
IsGatedGlobalClock: 0


============================================================
+ Verbose Summary: Schedule
============================================================
* Number of FSM states : 73
* Pipeline : 0
* Dataflow Pipeline: 0

* FSM state transitions: 
1 --> 2 73 
2 --> 3 
3 --> 4 
4 --> 5 
5 --> 6 
6 --> 7 
7 --> 8 
8 --> 9 
9 --> 10 
10 --> 11 
11 --> 12 
12 --> 13 
13 --> 14 
14 --> 15 
15 --> 16 
16 --> 17 
17 --> 18 
18 --> 19 
19 --> 20 
20 --> 21 
21 --> 22 
22 --> 23 
23 --> 24 
24 --> 25 
25 --> 26 
26 --> 27 
27 --> 28 
28 --> 29 
29 --> 30 
30 --> 31 
31 --> 32 
32 --> 33 
33 --> 34 
34 --> 35 
35 --> 36 
36 --> 37 
37 --> 38 
38 --> 39 
39 --> 40 
40 --> 41 
41 --> 42 
42 --> 43 
43 --> 44 
44 --> 45 
45 --> 46 
46 --> 47 
47 --> 48 
48 --> 49 
49 --> 50 
50 --> 51 
51 --> 52 
52 --> 53 
53 --> 54 
54 --> 55 
55 --> 56 
56 --> 57 
57 --> 58 
58 --> 59 
59 --> 60 
60 --> 61 
61 --> 62 
62 --> 63 
63 --> 64 
64 --> 65 
65 --> 66 
66 --> 67 
67 --> 68 
68 --> 69 
69 --> 70 
70 --> 71 
71 --> 72 
72 --> 73 
73 --> 

* FSM state operations: 

State 1 <SV = 0> <Delay = 2.16>
ST_1 : Operation 74 [1/1] (1.00ns)   --->   "%n_read = read i32 @_ssdm_op_Read.ap_none.i32, i32 %n" [/home/pyx/ProjectFS/Project-X/Project-XPlus/kernels/update_p_kernel.cpp:5]   --->   Operation 74 'read' 'n_read' <Predicate = true> <Delay = 1.00> <CoreInst = "s_axilite">   --->   Core 122 's_axilite' <Latency = 0> <II = 1> <Delay = 1.00> <Adapter> <Opcode : 'read' 'write'>
ST_1 : Operation 75 [1/1] (1.00ns)   --->   "%beta_read = read i64 @_ssdm_op_Read.ap_none.double, i64 %beta" [/home/pyx/ProjectFS/Project-X/Project-XPlus/kernels/update_p_kernel.cpp:5]   --->   Operation 75 'read' 'beta_read' <Predicate = true> <Delay = 1.00> <CoreInst = "s_axilite">   --->   Core 122 's_axilite' <Latency = 0> <II = 1> <Delay = 1.00> <Adapter> <Opcode : 'read' 'write'>
ST_1 : Operation 76 [1/1] (1.00ns)   --->   "%p_read = read i64 @_ssdm_op_Read.s_axilite.i64, i64 %p" [/home/pyx/ProjectFS/Project-X/Project-XPlus/kernels/update_p_kernel.cpp:5]   --->   Operation 76 'read' 'p_read' <Predicate = true> <Delay = 1.00> <CoreInst = "s_axilite">   --->   Core 122 's_axilite' <Latency = 0> <II = 1> <Delay = 1.00> <Adapter> <Opcode : 'read' 'write'>
ST_1 : Operation 77 [1/1] (1.00ns)   --->   "%z_read = read i64 @_ssdm_op_Read.s_axilite.i64, i64 %z" [/home/pyx/ProjectFS/Project-X/Project-XPlus/kernels/update_p_kernel.cpp:5]   --->   Operation 77 'read' 'z_read' <Predicate = true> <Delay = 1.00> <CoreInst = "s_axilite">   --->   Core 122 's_axilite' <Latency = 0> <II = 1> <Delay = 1.00> <Adapter> <Opcode : 'read' 'write'>
ST_1 : Operation 78 [1/1] (0.00ns)   --->   "%trunc_ln5 = trunc i32 %n_read" [/home/pyx/ProjectFS/Project-X/Project-XPlus/kernels/update_p_kernel.cpp:5]   --->   Operation 78 'trunc' 'trunc_ln5' <Predicate = true> <Delay = 0.00>
ST_1 : Operation 79 [1/1] (0.00ns)   --->   "%spectopmodule_ln5 = spectopmodule void @_ssdm_op_SpecTopModule, void @empty_9" [/home/pyx/ProjectFS/Project-X/Project-XPlus/kernels/update_p_kernel.cpp:5]   --->   Operation 79 'spectopmodule' 'spectopmodule_ln5' <Predicate = true> <Delay = 0.00>
ST_1 : Operation 80 [1/1] (0.00ns)   --->   "%specinterface_ln5 = specinterface void @_ssdm_op_SpecInterface, i32 0, void @empty_0, i32 0, i32 0, void @empty_3, i32 0, i32 0, void @empty_3, void @empty_3, void @empty_3, i32 0, i32 0, i32 0, i32 0, void @empty_3, void @empty_3, i32 4294967295, i32 0" [/home/pyx/ProjectFS/Project-X/Project-XPlus/kernels/update_p_kernel.cpp:5]   --->   Operation 80 'specinterface' 'specinterface_ln5' <Predicate = true> <Delay = 0.00>
ST_1 : Operation 81 [1/1] (0.00ns)   --->   "%specinterface_ln0 = specinterface void @_ssdm_op_SpecInterface, i64 %gmem_z, void @empty_2, i32 0, i32 0, void @empty_3, i32 64, i32 0, void @empty_4, void @empty_5, void @empty_3, i32 16, i32 16, i32 16, i32 16, void @empty_3, void @empty_3, i32 4294967295, i32 0"   --->   Operation 81 'specinterface' 'specinterface_ln0' <Predicate = true> <Delay = 0.00>
ST_1 : Operation 82 [1/1] (0.00ns)   --->   "%specbitsmap_ln0 = specbitsmap void @_ssdm_op_SpecBitsMap, i64 %gmem_z"   --->   Operation 82 'specbitsmap' 'specbitsmap_ln0' <Predicate = true> <Delay = 0.00>
ST_1 : Operation 83 [1/1] (0.00ns)   --->   "%specinterface_ln0 = specinterface void @_ssdm_op_SpecInterface, i64 %gmem_p, void @empty_2, i32 0, i32 0, void @empty_3, i32 64, i32 0, void @empty_6, void @empty_5, void @empty_3, i32 16, i32 16, i32 16, i32 16, void @empty_3, void @empty_3, i32 4294967295, i32 0"   --->   Operation 83 'specinterface' 'specinterface_ln0' <Predicate = true> <Delay = 0.00>
ST_1 : Operation 84 [1/1] (0.00ns)   --->   "%specbitsmap_ln0 = specbitsmap void @_ssdm_op_SpecBitsMap, i64 %gmem_p"   --->   Operation 84 'specbitsmap' 'specbitsmap_ln0' <Predicate = true> <Delay = 0.00>
ST_1 : Operation 85 [1/1] (0.00ns)   --->   "%specinterface_ln0 = specinterface void @_ssdm_op_SpecInterface, i64 %z, void @empty, i32 0, i32 0, void @empty_3, i32 0, i32 0, void @empty_1, void @empty_8, void @empty_3, i32 0, i32 0, i32 0, i32 0, void @empty_3, void @empty_11, i32 4294967295, i32 0"   --->   Operation 85 'specinterface' 'specinterface_ln0' <Predicate = true> <Delay = 0.00>
ST_1 : Operation 86 [1/1] (0.00ns)   --->   "%specinterface_ln0 = specinterface void @_ssdm_op_SpecInterface, i64 %z, void @empty_12, i32 0, i32 0, void @empty_3, i32 0, i32 0, void @empty_3, void @empty_3, void @empty_3, i32 0, i32 0, i32 0, i32 0, void @empty_3, void @empty_11, i32 4294967295, i32 0"   --->   Operation 86 'specinterface' 'specinterface_ln0' <Predicate = true> <Delay = 0.00>
ST_1 : Operation 87 [1/1] (0.00ns)   --->   "%specinterface_ln0 = specinterface void @_ssdm_op_SpecInterface, i64 %p, void @empty, i32 0, i32 0, void @empty_3, i32 0, i32 0, void @empty_1, void @empty_13, void @empty_3, i32 0, i32 0, i32 0, i32 0, void @empty_3, void @empty_11, i32 4294967295, i32 0"   --->   Operation 87 'specinterface' 'specinterface_ln0' <Predicate = true> <Delay = 0.00>
ST_1 : Operation 88 [1/1] (0.00ns)   --->   "%specinterface_ln0 = specinterface void @_ssdm_op_SpecInterface, i64 %p, void @empty_12, i32 0, i32 0, void @empty_3, i32 0, i32 0, void @empty_3, void @empty_3, void @empty_3, i32 0, i32 0, i32 0, i32 0, void @empty_3, void @empty_11, i32 4294967295, i32 0"   --->   Operation 88 'specinterface' 'specinterface_ln0' <Predicate = true> <Delay = 0.00>
ST_1 : Operation 89 [1/1] (0.00ns)   --->   "%specbitsmap_ln0 = specbitsmap void @_ssdm_op_SpecBitsMap, i64 %beta"   --->   Operation 89 'specbitsmap' 'specbitsmap_ln0' <Predicate = true> <Delay = 0.00>
ST_1 : Operation 90 [1/1] (0.00ns)   --->   "%specinterface_ln0 = specinterface void @_ssdm_op_SpecInterface, i64 %beta, void @empty, i32 0, i32 0, void @empty_3, i32 0, i32 0, void @empty_1, void @empty_14, void @empty_3, i32 0, i32 0, i32 0, i32 0, void @empty_3, void @empty_3, i32 4294967295, i32 0"   --->   Operation 90 'specinterface' 'specinterface_ln0' <Predicate = true> <Delay = 0.00>
ST_1 : Operation 91 [1/1] (0.00ns)   --->   "%specinterface_ln0 = specinterface void @_ssdm_op_SpecInterface, i64 %beta, void @empty_15, i32 0, i32 0, void @empty_3, i32 0, i32 0, void @empty_3, void @empty_3, void @empty_3, i32 0, i32 0, i32 0, i32 0, void @empty_3, void @empty_3, i32 4294967295, i32 0"   --->   Operation 91 'specinterface' 'specinterface_ln0' <Predicate = true> <Delay = 0.00>
ST_1 : Operation 92 [1/1] (0.00ns)   --->   "%specbitsmap_ln0 = specbitsmap void @_ssdm_op_SpecBitsMap, i32 %n"   --->   Operation 92 'specbitsmap' 'specbitsmap_ln0' <Predicate = true> <Delay = 0.00>
ST_1 : Operation 93 [1/1] (0.00ns)   --->   "%specinterface_ln0 = specinterface void @_ssdm_op_SpecInterface, i32 %n, void @empty, i32 0, i32 0, void @empty_3, i32 0, i32 0, void @empty_1, void @empty_7, void @empty_3, i32 0, i32 0, i32 0, i32 0, void @empty_3, void @empty_3, i32 4294967295, i32 0"   --->   Operation 93 'specinterface' 'specinterface_ln0' <Predicate = true> <Delay = 0.00>
ST_1 : Operation 94 [1/1] (0.00ns)   --->   "%specinterface_ln0 = specinterface void @_ssdm_op_SpecInterface, i32 %n, void @empty_15, i32 0, i32 0, void @empty_3, i32 0, i32 0, void @empty_3, void @empty_3, void @empty_3, i32 0, i32 0, i32 0, i32 0, void @empty_3, void @empty_3, i32 4294967295, i32 0"   --->   Operation 94 'specinterface' 'specinterface_ln0' <Predicate = true> <Delay = 0.00>
ST_1 : Operation 95 [1/1] (0.00ns)   --->   "%specinterface_ln0 = specinterface void @_ssdm_op_SpecInterface, i32 0, void @empty, i32 0, i32 0, void @empty_3, i32 0, i32 0, void @empty_1, void @empty_3, void @empty_3, i32 0, i32 0, i32 0, i32 0, void @empty_3, void @empty_3, i32 4294967295, i32 0"   --->   Operation 95 'specinterface' 'specinterface_ln0' <Predicate = true> <Delay = 0.00>
ST_1 : Operation 96 [1/1] (0.85ns)   --->   "%icmp_ln24 = icmp_ugt  i32 %n_read, i32 1024" [/home/pyx/ProjectFS/Project-X/Project-XPlus/kernels/update_p_kernel.cpp:24]   --->   Operation 96 'icmp' 'icmp_ln24' <Predicate = true> <Delay = 0.85> <CoreInst = "Cmp">   --->   Core 9 'Cmp' <Latency = 0> <II = 1> <Delay = 0.85> <FuncUnit> <Opcode : 'icmp'> <InPorts = 2> <OutPorts = 1>
ST_1 : Operation 97 [1/1] (0.00ns)   --->   "%br_ln24 = br i1 %icmp_ln24, void %update_p_loop, void %cleanup.cont" [/home/pyx/ProjectFS/Project-X/Project-XPlus/kernels/update_p_kernel.cpp:24]   --->   Operation 97 'br' 'br_ln24' <Predicate = true> <Delay = 0.00>
ST_1 : Operation 98 [1/1] (0.85ns)   --->   "%icmp_ln29 = icmp_sgt  i32 %n_read, i32 0" [/home/pyx/ProjectFS/Project-X/Project-XPlus/kernels/update_p_kernel.cpp:29]   --->   Operation 98 'icmp' 'icmp_ln29' <Predicate = (!icmp_ln24)> <Delay = 0.85> <CoreInst = "Cmp">   --->   Core 9 'Cmp' <Latency = 0> <II = 1> <Delay = 0.85> <FuncUnit> <Opcode : 'icmp'> <InPorts = 2> <OutPorts = 1>
ST_1 : Operation 99 [1/1] (0.00ns)   --->   "%trunc_ln = partselect i61 @_ssdm_op_PartSelect.i61.i64.i32.i32, i64 %z_read, i32 3, i32 63" [/home/pyx/ProjectFS/Project-X/Project-XPlus/kernels/update_p_kernel.cpp:29]   --->   Operation 99 'partselect' 'trunc_ln' <Predicate = (!icmp_ln24)> <Delay = 0.00>
ST_1 : Operation 100 [1/1] (0.30ns)   --->   "%empty = select i1 %icmp_ln29, i11 %trunc_ln5, i11 0" [/home/pyx/ProjectFS/Project-X/Project-XPlus/kernels/update_p_kernel.cpp:29]   --->   Operation 100 'select' 'empty' <Predicate = (!icmp_ln24)> <Delay = 0.30> <CoreInst = "Sel">   --->   Core 73 'Sel' <Latency = 0> <II = 1> <Delay = 0.30> <FuncUnit> <Opcode : 'select'> <InPorts = 3> <OutPorts = 1>

State 2 <SV = 1> <Delay = 2.43>
ST_2 : Operation 101 [1/1] (0.00ns)   --->   "%sext_ln29 = sext i61 %trunc_ln" [/home/pyx/ProjectFS/Project-X/Project-XPlus/kernels/update_p_kernel.cpp:29]   --->   Operation 101 'sext' 'sext_ln29' <Predicate = true> <Delay = 0.00>
ST_2 : Operation 102 [1/1] (0.00ns)   --->   "%gmem_z_addr = getelementptr i64 %gmem_z, i64 %sext_ln29" [/home/pyx/ProjectFS/Project-X/Project-XPlus/kernels/update_p_kernel.cpp:29]   --->   Operation 102 'getelementptr' 'gmem_z_addr' <Predicate = true> <Delay = 0.00>
ST_2 : Operation 103 [1/1] (0.00ns)   --->   "%zext_ln29 = zext i11 %empty" [/home/pyx/ProjectFS/Project-X/Project-XPlus/kernels/update_p_kernel.cpp:29]   --->   Operation 103 'zext' 'zext_ln29' <Predicate = true> <Delay = 0.00>
ST_2 : Operation 104 [70/70] (2.43ns)   --->   "%empty_21 = readreq i1 @_ssdm_op_ReadReq.m_axi.p1i64, i64 %gmem_z_addr, i32 %zext_ln29" [/home/pyx/ProjectFS/Project-X/Project-XPlus/kernels/update_p_kernel.cpp:29]   --->   Operation 104 'readreq' 'empty_21' <Predicate = true> <Delay = 2.43> <CoreInst = "m_axi">   --->   Core 121 'm_axi' <Latency = 0> <II = 1> <Delay = 1.00> <Adapter> <Opcode : 'read' 'write' 'readreq' 'writereq' 'writeresp'>

State 3 <SV = 2> <Delay = 2.43>
ST_3 : Operation 105 [69/70] (2.43ns)   --->   "%empty_21 = readreq i1 @_ssdm_op_ReadReq.m_axi.p1i64, i64 %gmem_z_addr, i32 %zext_ln29" [/home/pyx/ProjectFS/Project-X/Project-XPlus/kernels/update_p_kernel.cpp:29]   --->   Operation 105 'readreq' 'empty_21' <Predicate = true> <Delay = 2.43> <CoreInst = "m_axi">   --->   Core 121 'm_axi' <Latency = 0> <II = 1> <Delay = 1.00> <Adapter> <Opcode : 'read' 'write' 'readreq' 'writereq' 'writeresp'>

State 4 <SV = 3> <Delay = 2.43>
ST_4 : Operation 106 [68/70] (2.43ns)   --->   "%empty_21 = readreq i1 @_ssdm_op_ReadReq.m_axi.p1i64, i64 %gmem_z_addr, i32 %zext_ln29" [/home/pyx/ProjectFS/Project-X/Project-XPlus/kernels/update_p_kernel.cpp:29]   --->   Operation 106 'readreq' 'empty_21' <Predicate = true> <Delay = 2.43> <CoreInst = "m_axi">   --->   Core 121 'm_axi' <Latency = 0> <II = 1> <Delay = 1.00> <Adapter> <Opcode : 'read' 'write' 'readreq' 'writereq' 'writeresp'>

State 5 <SV = 4> <Delay = 2.43>
ST_5 : Operation 107 [67/70] (2.43ns)   --->   "%empty_21 = readreq i1 @_ssdm_op_ReadReq.m_axi.p1i64, i64 %gmem_z_addr, i32 %zext_ln29" [/home/pyx/ProjectFS/Project-X/Project-XPlus/kernels/update_p_kernel.cpp:29]   --->   Operation 107 'readreq' 'empty_21' <Predicate = true> <Delay = 2.43> <CoreInst = "m_axi">   --->   Core 121 'm_axi' <Latency = 0> <II = 1> <Delay = 1.00> <Adapter> <Opcode : 'read' 'write' 'readreq' 'writereq' 'writeresp'>

State 6 <SV = 5> <Delay = 2.43>
ST_6 : Operation 108 [66/70] (2.43ns)   --->   "%empty_21 = readreq i1 @_ssdm_op_ReadReq.m_axi.p1i64, i64 %gmem_z_addr, i32 %zext_ln29" [/home/pyx/ProjectFS/Project-X/Project-XPlus/kernels/update_p_kernel.cpp:29]   --->   Operation 108 'readreq' 'empty_21' <Predicate = true> <Delay = 2.43> <CoreInst = "m_axi">   --->   Core 121 'm_axi' <Latency = 0> <II = 1> <Delay = 1.00> <Adapter> <Opcode : 'read' 'write' 'readreq' 'writereq' 'writeresp'>

State 7 <SV = 6> <Delay = 2.43>
ST_7 : Operation 109 [65/70] (2.43ns)   --->   "%empty_21 = readreq i1 @_ssdm_op_ReadReq.m_axi.p1i64, i64 %gmem_z_addr, i32 %zext_ln29" [/home/pyx/ProjectFS/Project-X/Project-XPlus/kernels/update_p_kernel.cpp:29]   --->   Operation 109 'readreq' 'empty_21' <Predicate = true> <Delay = 2.43> <CoreInst = "m_axi">   --->   Core 121 'm_axi' <Latency = 0> <II = 1> <Delay = 1.00> <Adapter> <Opcode : 'read' 'write' 'readreq' 'writereq' 'writeresp'>

State 8 <SV = 7> <Delay = 2.43>
ST_8 : Operation 110 [64/70] (2.43ns)   --->   "%empty_21 = readreq i1 @_ssdm_op_ReadReq.m_axi.p1i64, i64 %gmem_z_addr, i32 %zext_ln29" [/home/pyx/ProjectFS/Project-X/Project-XPlus/kernels/update_p_kernel.cpp:29]   --->   Operation 110 'readreq' 'empty_21' <Predicate = true> <Delay = 2.43> <CoreInst = "m_axi">   --->   Core 121 'm_axi' <Latency = 0> <II = 1> <Delay = 1.00> <Adapter> <Opcode : 'read' 'write' 'readreq' 'writereq' 'writeresp'>

State 9 <SV = 8> <Delay = 2.43>
ST_9 : Operation 111 [63/70] (2.43ns)   --->   "%empty_21 = readreq i1 @_ssdm_op_ReadReq.m_axi.p1i64, i64 %gmem_z_addr, i32 %zext_ln29" [/home/pyx/ProjectFS/Project-X/Project-XPlus/kernels/update_p_kernel.cpp:29]   --->   Operation 111 'readreq' 'empty_21' <Predicate = true> <Delay = 2.43> <CoreInst = "m_axi">   --->   Core 121 'm_axi' <Latency = 0> <II = 1> <Delay = 1.00> <Adapter> <Opcode : 'read' 'write' 'readreq' 'writereq' 'writeresp'>

State 10 <SV = 9> <Delay = 2.43>
ST_10 : Operation 112 [62/70] (2.43ns)   --->   "%empty_21 = readreq i1 @_ssdm_op_ReadReq.m_axi.p1i64, i64 %gmem_z_addr, i32 %zext_ln29" [/home/pyx/ProjectFS/Project-X/Project-XPlus/kernels/update_p_kernel.cpp:29]   --->   Operation 112 'readreq' 'empty_21' <Predicate = true> <Delay = 2.43> <CoreInst = "m_axi">   --->   Core 121 'm_axi' <Latency = 0> <II = 1> <Delay = 1.00> <Adapter> <Opcode : 'read' 'write' 'readreq' 'writereq' 'writeresp'>

State 11 <SV = 10> <Delay = 2.43>
ST_11 : Operation 113 [61/70] (2.43ns)   --->   "%empty_21 = readreq i1 @_ssdm_op_ReadReq.m_axi.p1i64, i64 %gmem_z_addr, i32 %zext_ln29" [/home/pyx/ProjectFS/Project-X/Project-XPlus/kernels/update_p_kernel.cpp:29]   --->   Operation 113 'readreq' 'empty_21' <Predicate = true> <Delay = 2.43> <CoreInst = "m_axi">   --->   Core 121 'm_axi' <Latency = 0> <II = 1> <Delay = 1.00> <Adapter> <Opcode : 'read' 'write' 'readreq' 'writereq' 'writeresp'>

State 12 <SV = 11> <Delay = 2.43>
ST_12 : Operation 114 [60/70] (2.43ns)   --->   "%empty_21 = readreq i1 @_ssdm_op_ReadReq.m_axi.p1i64, i64 %gmem_z_addr, i32 %zext_ln29" [/home/pyx/ProjectFS/Project-X/Project-XPlus/kernels/update_p_kernel.cpp:29]   --->   Operation 114 'readreq' 'empty_21' <Predicate = true> <Delay = 2.43> <CoreInst = "m_axi">   --->   Core 121 'm_axi' <Latency = 0> <II = 1> <Delay = 1.00> <Adapter> <Opcode : 'read' 'write' 'readreq' 'writereq' 'writeresp'>

State 13 <SV = 12> <Delay = 2.43>
ST_13 : Operation 115 [59/70] (2.43ns)   --->   "%empty_21 = readreq i1 @_ssdm_op_ReadReq.m_axi.p1i64, i64 %gmem_z_addr, i32 %zext_ln29" [/home/pyx/ProjectFS/Project-X/Project-XPlus/kernels/update_p_kernel.cpp:29]   --->   Operation 115 'readreq' 'empty_21' <Predicate = true> <Delay = 2.43> <CoreInst = "m_axi">   --->   Core 121 'm_axi' <Latency = 0> <II = 1> <Delay = 1.00> <Adapter> <Opcode : 'read' 'write' 'readreq' 'writereq' 'writeresp'>

State 14 <SV = 13> <Delay = 2.43>
ST_14 : Operation 116 [58/70] (2.43ns)   --->   "%empty_21 = readreq i1 @_ssdm_op_ReadReq.m_axi.p1i64, i64 %gmem_z_addr, i32 %zext_ln29" [/home/pyx/ProjectFS/Project-X/Project-XPlus/kernels/update_p_kernel.cpp:29]   --->   Operation 116 'readreq' 'empty_21' <Predicate = true> <Delay = 2.43> <CoreInst = "m_axi">   --->   Core 121 'm_axi' <Latency = 0> <II = 1> <Delay = 1.00> <Adapter> <Opcode : 'read' 'write' 'readreq' 'writereq' 'writeresp'>

State 15 <SV = 14> <Delay = 2.43>
ST_15 : Operation 117 [57/70] (2.43ns)   --->   "%empty_21 = readreq i1 @_ssdm_op_ReadReq.m_axi.p1i64, i64 %gmem_z_addr, i32 %zext_ln29" [/home/pyx/ProjectFS/Project-X/Project-XPlus/kernels/update_p_kernel.cpp:29]   --->   Operation 117 'readreq' 'empty_21' <Predicate = true> <Delay = 2.43> <CoreInst = "m_axi">   --->   Core 121 'm_axi' <Latency = 0> <II = 1> <Delay = 1.00> <Adapter> <Opcode : 'read' 'write' 'readreq' 'writereq' 'writeresp'>

State 16 <SV = 15> <Delay = 2.43>
ST_16 : Operation 118 [56/70] (2.43ns)   --->   "%empty_21 = readreq i1 @_ssdm_op_ReadReq.m_axi.p1i64, i64 %gmem_z_addr, i32 %zext_ln29" [/home/pyx/ProjectFS/Project-X/Project-XPlus/kernels/update_p_kernel.cpp:29]   --->   Operation 118 'readreq' 'empty_21' <Predicate = true> <Delay = 2.43> <CoreInst = "m_axi">   --->   Core 121 'm_axi' <Latency = 0> <II = 1> <Delay = 1.00> <Adapter> <Opcode : 'read' 'write' 'readreq' 'writereq' 'writeresp'>

State 17 <SV = 16> <Delay = 2.43>
ST_17 : Operation 119 [55/70] (2.43ns)   --->   "%empty_21 = readreq i1 @_ssdm_op_ReadReq.m_axi.p1i64, i64 %gmem_z_addr, i32 %zext_ln29" [/home/pyx/ProjectFS/Project-X/Project-XPlus/kernels/update_p_kernel.cpp:29]   --->   Operation 119 'readreq' 'empty_21' <Predicate = true> <Delay = 2.43> <CoreInst = "m_axi">   --->   Core 121 'm_axi' <Latency = 0> <II = 1> <Delay = 1.00> <Adapter> <Opcode : 'read' 'write' 'readreq' 'writereq' 'writeresp'>

State 18 <SV = 17> <Delay = 2.43>
ST_18 : Operation 120 [54/70] (2.43ns)   --->   "%empty_21 = readreq i1 @_ssdm_op_ReadReq.m_axi.p1i64, i64 %gmem_z_addr, i32 %zext_ln29" [/home/pyx/ProjectFS/Project-X/Project-XPlus/kernels/update_p_kernel.cpp:29]   --->   Operation 120 'readreq' 'empty_21' <Predicate = true> <Delay = 2.43> <CoreInst = "m_axi">   --->   Core 121 'm_axi' <Latency = 0> <II = 1> <Delay = 1.00> <Adapter> <Opcode : 'read' 'write' 'readreq' 'writereq' 'writeresp'>

State 19 <SV = 18> <Delay = 2.43>
ST_19 : Operation 121 [53/70] (2.43ns)   --->   "%empty_21 = readreq i1 @_ssdm_op_ReadReq.m_axi.p1i64, i64 %gmem_z_addr, i32 %zext_ln29" [/home/pyx/ProjectFS/Project-X/Project-XPlus/kernels/update_p_kernel.cpp:29]   --->   Operation 121 'readreq' 'empty_21' <Predicate = true> <Delay = 2.43> <CoreInst = "m_axi">   --->   Core 121 'm_axi' <Latency = 0> <II = 1> <Delay = 1.00> <Adapter> <Opcode : 'read' 'write' 'readreq' 'writereq' 'writeresp'>

State 20 <SV = 19> <Delay = 2.43>
ST_20 : Operation 122 [52/70] (2.43ns)   --->   "%empty_21 = readreq i1 @_ssdm_op_ReadReq.m_axi.p1i64, i64 %gmem_z_addr, i32 %zext_ln29" [/home/pyx/ProjectFS/Project-X/Project-XPlus/kernels/update_p_kernel.cpp:29]   --->   Operation 122 'readreq' 'empty_21' <Predicate = true> <Delay = 2.43> <CoreInst = "m_axi">   --->   Core 121 'm_axi' <Latency = 0> <II = 1> <Delay = 1.00> <Adapter> <Opcode : 'read' 'write' 'readreq' 'writereq' 'writeresp'>

State 21 <SV = 20> <Delay = 2.43>
ST_21 : Operation 123 [51/70] (2.43ns)   --->   "%empty_21 = readreq i1 @_ssdm_op_ReadReq.m_axi.p1i64, i64 %gmem_z_addr, i32 %zext_ln29" [/home/pyx/ProjectFS/Project-X/Project-XPlus/kernels/update_p_kernel.cpp:29]   --->   Operation 123 'readreq' 'empty_21' <Predicate = true> <Delay = 2.43> <CoreInst = "m_axi">   --->   Core 121 'm_axi' <Latency = 0> <II = 1> <Delay = 1.00> <Adapter> <Opcode : 'read' 'write' 'readreq' 'writereq' 'writeresp'>

State 22 <SV = 21> <Delay = 2.43>
ST_22 : Operation 124 [50/70] (2.43ns)   --->   "%empty_21 = readreq i1 @_ssdm_op_ReadReq.m_axi.p1i64, i64 %gmem_z_addr, i32 %zext_ln29" [/home/pyx/ProjectFS/Project-X/Project-XPlus/kernels/update_p_kernel.cpp:29]   --->   Operation 124 'readreq' 'empty_21' <Predicate = true> <Delay = 2.43> <CoreInst = "m_axi">   --->   Core 121 'm_axi' <Latency = 0> <II = 1> <Delay = 1.00> <Adapter> <Opcode : 'read' 'write' 'readreq' 'writereq' 'writeresp'>

State 23 <SV = 22> <Delay = 2.43>
ST_23 : Operation 125 [49/70] (2.43ns)   --->   "%empty_21 = readreq i1 @_ssdm_op_ReadReq.m_axi.p1i64, i64 %gmem_z_addr, i32 %zext_ln29" [/home/pyx/ProjectFS/Project-X/Project-XPlus/kernels/update_p_kernel.cpp:29]   --->   Operation 125 'readreq' 'empty_21' <Predicate = true> <Delay = 2.43> <CoreInst = "m_axi">   --->   Core 121 'm_axi' <Latency = 0> <II = 1> <Delay = 1.00> <Adapter> <Opcode : 'read' 'write' 'readreq' 'writereq' 'writeresp'>

State 24 <SV = 23> <Delay = 2.43>
ST_24 : Operation 126 [48/70] (2.43ns)   --->   "%empty_21 = readreq i1 @_ssdm_op_ReadReq.m_axi.p1i64, i64 %gmem_z_addr, i32 %zext_ln29" [/home/pyx/ProjectFS/Project-X/Project-XPlus/kernels/update_p_kernel.cpp:29]   --->   Operation 126 'readreq' 'empty_21' <Predicate = true> <Delay = 2.43> <CoreInst = "m_axi">   --->   Core 121 'm_axi' <Latency = 0> <II = 1> <Delay = 1.00> <Adapter> <Opcode : 'read' 'write' 'readreq' 'writereq' 'writeresp'>

State 25 <SV = 24> <Delay = 2.43>
ST_25 : Operation 127 [47/70] (2.43ns)   --->   "%empty_21 = readreq i1 @_ssdm_op_ReadReq.m_axi.p1i64, i64 %gmem_z_addr, i32 %zext_ln29" [/home/pyx/ProjectFS/Project-X/Project-XPlus/kernels/update_p_kernel.cpp:29]   --->   Operation 127 'readreq' 'empty_21' <Predicate = true> <Delay = 2.43> <CoreInst = "m_axi">   --->   Core 121 'm_axi' <Latency = 0> <II = 1> <Delay = 1.00> <Adapter> <Opcode : 'read' 'write' 'readreq' 'writereq' 'writeresp'>

State 26 <SV = 25> <Delay = 2.43>
ST_26 : Operation 128 [46/70] (2.43ns)   --->   "%empty_21 = readreq i1 @_ssdm_op_ReadReq.m_axi.p1i64, i64 %gmem_z_addr, i32 %zext_ln29" [/home/pyx/ProjectFS/Project-X/Project-XPlus/kernels/update_p_kernel.cpp:29]   --->   Operation 128 'readreq' 'empty_21' <Predicate = true> <Delay = 2.43> <CoreInst = "m_axi">   --->   Core 121 'm_axi' <Latency = 0> <II = 1> <Delay = 1.00> <Adapter> <Opcode : 'read' 'write' 'readreq' 'writereq' 'writeresp'>

State 27 <SV = 26> <Delay = 2.43>
ST_27 : Operation 129 [45/70] (2.43ns)   --->   "%empty_21 = readreq i1 @_ssdm_op_ReadReq.m_axi.p1i64, i64 %gmem_z_addr, i32 %zext_ln29" [/home/pyx/ProjectFS/Project-X/Project-XPlus/kernels/update_p_kernel.cpp:29]   --->   Operation 129 'readreq' 'empty_21' <Predicate = true> <Delay = 2.43> <CoreInst = "m_axi">   --->   Core 121 'm_axi' <Latency = 0> <II = 1> <Delay = 1.00> <Adapter> <Opcode : 'read' 'write' 'readreq' 'writereq' 'writeresp'>

State 28 <SV = 27> <Delay = 2.43>
ST_28 : Operation 130 [44/70] (2.43ns)   --->   "%empty_21 = readreq i1 @_ssdm_op_ReadReq.m_axi.p1i64, i64 %gmem_z_addr, i32 %zext_ln29" [/home/pyx/ProjectFS/Project-X/Project-XPlus/kernels/update_p_kernel.cpp:29]   --->   Operation 130 'readreq' 'empty_21' <Predicate = true> <Delay = 2.43> <CoreInst = "m_axi">   --->   Core 121 'm_axi' <Latency = 0> <II = 1> <Delay = 1.00> <Adapter> <Opcode : 'read' 'write' 'readreq' 'writereq' 'writeresp'>

State 29 <SV = 28> <Delay = 2.43>
ST_29 : Operation 131 [43/70] (2.43ns)   --->   "%empty_21 = readreq i1 @_ssdm_op_ReadReq.m_axi.p1i64, i64 %gmem_z_addr, i32 %zext_ln29" [/home/pyx/ProjectFS/Project-X/Project-XPlus/kernels/update_p_kernel.cpp:29]   --->   Operation 131 'readreq' 'empty_21' <Predicate = true> <Delay = 2.43> <CoreInst = "m_axi">   --->   Core 121 'm_axi' <Latency = 0> <II = 1> <Delay = 1.00> <Adapter> <Opcode : 'read' 'write' 'readreq' 'writereq' 'writeresp'>

State 30 <SV = 29> <Delay = 2.43>
ST_30 : Operation 132 [42/70] (2.43ns)   --->   "%empty_21 = readreq i1 @_ssdm_op_ReadReq.m_axi.p1i64, i64 %gmem_z_addr, i32 %zext_ln29" [/home/pyx/ProjectFS/Project-X/Project-XPlus/kernels/update_p_kernel.cpp:29]   --->   Operation 132 'readreq' 'empty_21' <Predicate = true> <Delay = 2.43> <CoreInst = "m_axi">   --->   Core 121 'm_axi' <Latency = 0> <II = 1> <Delay = 1.00> <Adapter> <Opcode : 'read' 'write' 'readreq' 'writereq' 'writeresp'>

State 31 <SV = 30> <Delay = 2.43>
ST_31 : Operation 133 [41/70] (2.43ns)   --->   "%empty_21 = readreq i1 @_ssdm_op_ReadReq.m_axi.p1i64, i64 %gmem_z_addr, i32 %zext_ln29" [/home/pyx/ProjectFS/Project-X/Project-XPlus/kernels/update_p_kernel.cpp:29]   --->   Operation 133 'readreq' 'empty_21' <Predicate = true> <Delay = 2.43> <CoreInst = "m_axi">   --->   Core 121 'm_axi' <Latency = 0> <II = 1> <Delay = 1.00> <Adapter> <Opcode : 'read' 'write' 'readreq' 'writereq' 'writeresp'>

State 32 <SV = 31> <Delay = 2.43>
ST_32 : Operation 134 [40/70] (2.43ns)   --->   "%empty_21 = readreq i1 @_ssdm_op_ReadReq.m_axi.p1i64, i64 %gmem_z_addr, i32 %zext_ln29" [/home/pyx/ProjectFS/Project-X/Project-XPlus/kernels/update_p_kernel.cpp:29]   --->   Operation 134 'readreq' 'empty_21' <Predicate = true> <Delay = 2.43> <CoreInst = "m_axi">   --->   Core 121 'm_axi' <Latency = 0> <II = 1> <Delay = 1.00> <Adapter> <Opcode : 'read' 'write' 'readreq' 'writereq' 'writeresp'>

State 33 <SV = 32> <Delay = 2.43>
ST_33 : Operation 135 [39/70] (2.43ns)   --->   "%empty_21 = readreq i1 @_ssdm_op_ReadReq.m_axi.p1i64, i64 %gmem_z_addr, i32 %zext_ln29" [/home/pyx/ProjectFS/Project-X/Project-XPlus/kernels/update_p_kernel.cpp:29]   --->   Operation 135 'readreq' 'empty_21' <Predicate = true> <Delay = 2.43> <CoreInst = "m_axi">   --->   Core 121 'm_axi' <Latency = 0> <II = 1> <Delay = 1.00> <Adapter> <Opcode : 'read' 'write' 'readreq' 'writereq' 'writeresp'>

State 34 <SV = 33> <Delay = 2.43>
ST_34 : Operation 136 [38/70] (2.43ns)   --->   "%empty_21 = readreq i1 @_ssdm_op_ReadReq.m_axi.p1i64, i64 %gmem_z_addr, i32 %zext_ln29" [/home/pyx/ProjectFS/Project-X/Project-XPlus/kernels/update_p_kernel.cpp:29]   --->   Operation 136 'readreq' 'empty_21' <Predicate = true> <Delay = 2.43> <CoreInst = "m_axi">   --->   Core 121 'm_axi' <Latency = 0> <II = 1> <Delay = 1.00> <Adapter> <Opcode : 'read' 'write' 'readreq' 'writereq' 'writeresp'>

State 35 <SV = 34> <Delay = 2.43>
ST_35 : Operation 137 [37/70] (2.43ns)   --->   "%empty_21 = readreq i1 @_ssdm_op_ReadReq.m_axi.p1i64, i64 %gmem_z_addr, i32 %zext_ln29" [/home/pyx/ProjectFS/Project-X/Project-XPlus/kernels/update_p_kernel.cpp:29]   --->   Operation 137 'readreq' 'empty_21' <Predicate = true> <Delay = 2.43> <CoreInst = "m_axi">   --->   Core 121 'm_axi' <Latency = 0> <II = 1> <Delay = 1.00> <Adapter> <Opcode : 'read' 'write' 'readreq' 'writereq' 'writeresp'>

State 36 <SV = 35> <Delay = 2.43>
ST_36 : Operation 138 [36/70] (2.43ns)   --->   "%empty_21 = readreq i1 @_ssdm_op_ReadReq.m_axi.p1i64, i64 %gmem_z_addr, i32 %zext_ln29" [/home/pyx/ProjectFS/Project-X/Project-XPlus/kernels/update_p_kernel.cpp:29]   --->   Operation 138 'readreq' 'empty_21' <Predicate = true> <Delay = 2.43> <CoreInst = "m_axi">   --->   Core 121 'm_axi' <Latency = 0> <II = 1> <Delay = 1.00> <Adapter> <Opcode : 'read' 'write' 'readreq' 'writereq' 'writeresp'>

State 37 <SV = 36> <Delay = 2.43>
ST_37 : Operation 139 [35/70] (2.43ns)   --->   "%empty_21 = readreq i1 @_ssdm_op_ReadReq.m_axi.p1i64, i64 %gmem_z_addr, i32 %zext_ln29" [/home/pyx/ProjectFS/Project-X/Project-XPlus/kernels/update_p_kernel.cpp:29]   --->   Operation 139 'readreq' 'empty_21' <Predicate = true> <Delay = 2.43> <CoreInst = "m_axi">   --->   Core 121 'm_axi' <Latency = 0> <II = 1> <Delay = 1.00> <Adapter> <Opcode : 'read' 'write' 'readreq' 'writereq' 'writeresp'>

State 38 <SV = 37> <Delay = 2.43>
ST_38 : Operation 140 [34/70] (2.43ns)   --->   "%empty_21 = readreq i1 @_ssdm_op_ReadReq.m_axi.p1i64, i64 %gmem_z_addr, i32 %zext_ln29" [/home/pyx/ProjectFS/Project-X/Project-XPlus/kernels/update_p_kernel.cpp:29]   --->   Operation 140 'readreq' 'empty_21' <Predicate = true> <Delay = 2.43> <CoreInst = "m_axi">   --->   Core 121 'm_axi' <Latency = 0> <II = 1> <Delay = 1.00> <Adapter> <Opcode : 'read' 'write' 'readreq' 'writereq' 'writeresp'>

State 39 <SV = 38> <Delay = 2.43>
ST_39 : Operation 141 [33/70] (2.43ns)   --->   "%empty_21 = readreq i1 @_ssdm_op_ReadReq.m_axi.p1i64, i64 %gmem_z_addr, i32 %zext_ln29" [/home/pyx/ProjectFS/Project-X/Project-XPlus/kernels/update_p_kernel.cpp:29]   --->   Operation 141 'readreq' 'empty_21' <Predicate = true> <Delay = 2.43> <CoreInst = "m_axi">   --->   Core 121 'm_axi' <Latency = 0> <II = 1> <Delay = 1.00> <Adapter> <Opcode : 'read' 'write' 'readreq' 'writereq' 'writeresp'>

State 40 <SV = 39> <Delay = 2.43>
ST_40 : Operation 142 [32/70] (2.43ns)   --->   "%empty_21 = readreq i1 @_ssdm_op_ReadReq.m_axi.p1i64, i64 %gmem_z_addr, i32 %zext_ln29" [/home/pyx/ProjectFS/Project-X/Project-XPlus/kernels/update_p_kernel.cpp:29]   --->   Operation 142 'readreq' 'empty_21' <Predicate = true> <Delay = 2.43> <CoreInst = "m_axi">   --->   Core 121 'm_axi' <Latency = 0> <II = 1> <Delay = 1.00> <Adapter> <Opcode : 'read' 'write' 'readreq' 'writereq' 'writeresp'>

State 41 <SV = 40> <Delay = 2.43>
ST_41 : Operation 143 [31/70] (2.43ns)   --->   "%empty_21 = readreq i1 @_ssdm_op_ReadReq.m_axi.p1i64, i64 %gmem_z_addr, i32 %zext_ln29" [/home/pyx/ProjectFS/Project-X/Project-XPlus/kernels/update_p_kernel.cpp:29]   --->   Operation 143 'readreq' 'empty_21' <Predicate = true> <Delay = 2.43> <CoreInst = "m_axi">   --->   Core 121 'm_axi' <Latency = 0> <II = 1> <Delay = 1.00> <Adapter> <Opcode : 'read' 'write' 'readreq' 'writereq' 'writeresp'>

State 42 <SV = 41> <Delay = 2.43>
ST_42 : Operation 144 [30/70] (2.43ns)   --->   "%empty_21 = readreq i1 @_ssdm_op_ReadReq.m_axi.p1i64, i64 %gmem_z_addr, i32 %zext_ln29" [/home/pyx/ProjectFS/Project-X/Project-XPlus/kernels/update_p_kernel.cpp:29]   --->   Operation 144 'readreq' 'empty_21' <Predicate = true> <Delay = 2.43> <CoreInst = "m_axi">   --->   Core 121 'm_axi' <Latency = 0> <II = 1> <Delay = 1.00> <Adapter> <Opcode : 'read' 'write' 'readreq' 'writereq' 'writeresp'>

State 43 <SV = 42> <Delay = 2.43>
ST_43 : Operation 145 [29/70] (2.43ns)   --->   "%empty_21 = readreq i1 @_ssdm_op_ReadReq.m_axi.p1i64, i64 %gmem_z_addr, i32 %zext_ln29" [/home/pyx/ProjectFS/Project-X/Project-XPlus/kernels/update_p_kernel.cpp:29]   --->   Operation 145 'readreq' 'empty_21' <Predicate = true> <Delay = 2.43> <CoreInst = "m_axi">   --->   Core 121 'm_axi' <Latency = 0> <II = 1> <Delay = 1.00> <Adapter> <Opcode : 'read' 'write' 'readreq' 'writereq' 'writeresp'>

State 44 <SV = 43> <Delay = 2.43>
ST_44 : Operation 146 [28/70] (2.43ns)   --->   "%empty_21 = readreq i1 @_ssdm_op_ReadReq.m_axi.p1i64, i64 %gmem_z_addr, i32 %zext_ln29" [/home/pyx/ProjectFS/Project-X/Project-XPlus/kernels/update_p_kernel.cpp:29]   --->   Operation 146 'readreq' 'empty_21' <Predicate = true> <Delay = 2.43> <CoreInst = "m_axi">   --->   Core 121 'm_axi' <Latency = 0> <II = 1> <Delay = 1.00> <Adapter> <Opcode : 'read' 'write' 'readreq' 'writereq' 'writeresp'>

State 45 <SV = 44> <Delay = 2.43>
ST_45 : Operation 147 [27/70] (2.43ns)   --->   "%empty_21 = readreq i1 @_ssdm_op_ReadReq.m_axi.p1i64, i64 %gmem_z_addr, i32 %zext_ln29" [/home/pyx/ProjectFS/Project-X/Project-XPlus/kernels/update_p_kernel.cpp:29]   --->   Operation 147 'readreq' 'empty_21' <Predicate = true> <Delay = 2.43> <CoreInst = "m_axi">   --->   Core 121 'm_axi' <Latency = 0> <II = 1> <Delay = 1.00> <Adapter> <Opcode : 'read' 'write' 'readreq' 'writereq' 'writeresp'>

State 46 <SV = 45> <Delay = 2.43>
ST_46 : Operation 148 [26/70] (2.43ns)   --->   "%empty_21 = readreq i1 @_ssdm_op_ReadReq.m_axi.p1i64, i64 %gmem_z_addr, i32 %zext_ln29" [/home/pyx/ProjectFS/Project-X/Project-XPlus/kernels/update_p_kernel.cpp:29]   --->   Operation 148 'readreq' 'empty_21' <Predicate = true> <Delay = 2.43> <CoreInst = "m_axi">   --->   Core 121 'm_axi' <Latency = 0> <II = 1> <Delay = 1.00> <Adapter> <Opcode : 'read' 'write' 'readreq' 'writereq' 'writeresp'>

State 47 <SV = 46> <Delay = 2.43>
ST_47 : Operation 149 [25/70] (2.43ns)   --->   "%empty_21 = readreq i1 @_ssdm_op_ReadReq.m_axi.p1i64, i64 %gmem_z_addr, i32 %zext_ln29" [/home/pyx/ProjectFS/Project-X/Project-XPlus/kernels/update_p_kernel.cpp:29]   --->   Operation 149 'readreq' 'empty_21' <Predicate = true> <Delay = 2.43> <CoreInst = "m_axi">   --->   Core 121 'm_axi' <Latency = 0> <II = 1> <Delay = 1.00> <Adapter> <Opcode : 'read' 'write' 'readreq' 'writereq' 'writeresp'>

State 48 <SV = 47> <Delay = 2.43>
ST_48 : Operation 150 [24/70] (2.43ns)   --->   "%empty_21 = readreq i1 @_ssdm_op_ReadReq.m_axi.p1i64, i64 %gmem_z_addr, i32 %zext_ln29" [/home/pyx/ProjectFS/Project-X/Project-XPlus/kernels/update_p_kernel.cpp:29]   --->   Operation 150 'readreq' 'empty_21' <Predicate = true> <Delay = 2.43> <CoreInst = "m_axi">   --->   Core 121 'm_axi' <Latency = 0> <II = 1> <Delay = 1.00> <Adapter> <Opcode : 'read' 'write' 'readreq' 'writereq' 'writeresp'>

State 49 <SV = 48> <Delay = 2.43>
ST_49 : Operation 151 [23/70] (2.43ns)   --->   "%empty_21 = readreq i1 @_ssdm_op_ReadReq.m_axi.p1i64, i64 %gmem_z_addr, i32 %zext_ln29" [/home/pyx/ProjectFS/Project-X/Project-XPlus/kernels/update_p_kernel.cpp:29]   --->   Operation 151 'readreq' 'empty_21' <Predicate = true> <Delay = 2.43> <CoreInst = "m_axi">   --->   Core 121 'm_axi' <Latency = 0> <II = 1> <Delay = 1.00> <Adapter> <Opcode : 'read' 'write' 'readreq' 'writereq' 'writeresp'>

State 50 <SV = 49> <Delay = 2.43>
ST_50 : Operation 152 [22/70] (2.43ns)   --->   "%empty_21 = readreq i1 @_ssdm_op_ReadReq.m_axi.p1i64, i64 %gmem_z_addr, i32 %zext_ln29" [/home/pyx/ProjectFS/Project-X/Project-XPlus/kernels/update_p_kernel.cpp:29]   --->   Operation 152 'readreq' 'empty_21' <Predicate = true> <Delay = 2.43> <CoreInst = "m_axi">   --->   Core 121 'm_axi' <Latency = 0> <II = 1> <Delay = 1.00> <Adapter> <Opcode : 'read' 'write' 'readreq' 'writereq' 'writeresp'>

State 51 <SV = 50> <Delay = 2.43>
ST_51 : Operation 153 [21/70] (2.43ns)   --->   "%empty_21 = readreq i1 @_ssdm_op_ReadReq.m_axi.p1i64, i64 %gmem_z_addr, i32 %zext_ln29" [/home/pyx/ProjectFS/Project-X/Project-XPlus/kernels/update_p_kernel.cpp:29]   --->   Operation 153 'readreq' 'empty_21' <Predicate = true> <Delay = 2.43> <CoreInst = "m_axi">   --->   Core 121 'm_axi' <Latency = 0> <II = 1> <Delay = 1.00> <Adapter> <Opcode : 'read' 'write' 'readreq' 'writereq' 'writeresp'>

State 52 <SV = 51> <Delay = 2.43>
ST_52 : Operation 154 [20/70] (2.43ns)   --->   "%empty_21 = readreq i1 @_ssdm_op_ReadReq.m_axi.p1i64, i64 %gmem_z_addr, i32 %zext_ln29" [/home/pyx/ProjectFS/Project-X/Project-XPlus/kernels/update_p_kernel.cpp:29]   --->   Operation 154 'readreq' 'empty_21' <Predicate = true> <Delay = 2.43> <CoreInst = "m_axi">   --->   Core 121 'm_axi' <Latency = 0> <II = 1> <Delay = 1.00> <Adapter> <Opcode : 'read' 'write' 'readreq' 'writereq' 'writeresp'>

State 53 <SV = 52> <Delay = 2.43>
ST_53 : Operation 155 [19/70] (2.43ns)   --->   "%empty_21 = readreq i1 @_ssdm_op_ReadReq.m_axi.p1i64, i64 %gmem_z_addr, i32 %zext_ln29" [/home/pyx/ProjectFS/Project-X/Project-XPlus/kernels/update_p_kernel.cpp:29]   --->   Operation 155 'readreq' 'empty_21' <Predicate = true> <Delay = 2.43> <CoreInst = "m_axi">   --->   Core 121 'm_axi' <Latency = 0> <II = 1> <Delay = 1.00> <Adapter> <Opcode : 'read' 'write' 'readreq' 'writereq' 'writeresp'>

State 54 <SV = 53> <Delay = 2.43>
ST_54 : Operation 156 [18/70] (2.43ns)   --->   "%empty_21 = readreq i1 @_ssdm_op_ReadReq.m_axi.p1i64, i64 %gmem_z_addr, i32 %zext_ln29" [/home/pyx/ProjectFS/Project-X/Project-XPlus/kernels/update_p_kernel.cpp:29]   --->   Operation 156 'readreq' 'empty_21' <Predicate = true> <Delay = 2.43> <CoreInst = "m_axi">   --->   Core 121 'm_axi' <Latency = 0> <II = 1> <Delay = 1.00> <Adapter> <Opcode : 'read' 'write' 'readreq' 'writereq' 'writeresp'>

State 55 <SV = 54> <Delay = 2.43>
ST_55 : Operation 157 [17/70] (2.43ns)   --->   "%empty_21 = readreq i1 @_ssdm_op_ReadReq.m_axi.p1i64, i64 %gmem_z_addr, i32 %zext_ln29" [/home/pyx/ProjectFS/Project-X/Project-XPlus/kernels/update_p_kernel.cpp:29]   --->   Operation 157 'readreq' 'empty_21' <Predicate = true> <Delay = 2.43> <CoreInst = "m_axi">   --->   Core 121 'm_axi' <Latency = 0> <II = 1> <Delay = 1.00> <Adapter> <Opcode : 'read' 'write' 'readreq' 'writereq' 'writeresp'>

State 56 <SV = 55> <Delay = 2.43>
ST_56 : Operation 158 [16/70] (2.43ns)   --->   "%empty_21 = readreq i1 @_ssdm_op_ReadReq.m_axi.p1i64, i64 %gmem_z_addr, i32 %zext_ln29" [/home/pyx/ProjectFS/Project-X/Project-XPlus/kernels/update_p_kernel.cpp:29]   --->   Operation 158 'readreq' 'empty_21' <Predicate = true> <Delay = 2.43> <CoreInst = "m_axi">   --->   Core 121 'm_axi' <Latency = 0> <II = 1> <Delay = 1.00> <Adapter> <Opcode : 'read' 'write' 'readreq' 'writereq' 'writeresp'>

State 57 <SV = 56> <Delay = 2.43>
ST_57 : Operation 159 [15/70] (2.43ns)   --->   "%empty_21 = readreq i1 @_ssdm_op_ReadReq.m_axi.p1i64, i64 %gmem_z_addr, i32 %zext_ln29" [/home/pyx/ProjectFS/Project-X/Project-XPlus/kernels/update_p_kernel.cpp:29]   --->   Operation 159 'readreq' 'empty_21' <Predicate = true> <Delay = 2.43> <CoreInst = "m_axi">   --->   Core 121 'm_axi' <Latency = 0> <II = 1> <Delay = 1.00> <Adapter> <Opcode : 'read' 'write' 'readreq' 'writereq' 'writeresp'>

State 58 <SV = 57> <Delay = 2.43>
ST_58 : Operation 160 [14/70] (2.43ns)   --->   "%empty_21 = readreq i1 @_ssdm_op_ReadReq.m_axi.p1i64, i64 %gmem_z_addr, i32 %zext_ln29" [/home/pyx/ProjectFS/Project-X/Project-XPlus/kernels/update_p_kernel.cpp:29]   --->   Operation 160 'readreq' 'empty_21' <Predicate = true> <Delay = 2.43> <CoreInst = "m_axi">   --->   Core 121 'm_axi' <Latency = 0> <II = 1> <Delay = 1.00> <Adapter> <Opcode : 'read' 'write' 'readreq' 'writereq' 'writeresp'>

State 59 <SV = 58> <Delay = 2.43>
ST_59 : Operation 161 [13/70] (2.43ns)   --->   "%empty_21 = readreq i1 @_ssdm_op_ReadReq.m_axi.p1i64, i64 %gmem_z_addr, i32 %zext_ln29" [/home/pyx/ProjectFS/Project-X/Project-XPlus/kernels/update_p_kernel.cpp:29]   --->   Operation 161 'readreq' 'empty_21' <Predicate = true> <Delay = 2.43> <CoreInst = "m_axi">   --->   Core 121 'm_axi' <Latency = 0> <II = 1> <Delay = 1.00> <Adapter> <Opcode : 'read' 'write' 'readreq' 'writereq' 'writeresp'>

State 60 <SV = 59> <Delay = 2.43>
ST_60 : Operation 162 [12/70] (2.43ns)   --->   "%empty_21 = readreq i1 @_ssdm_op_ReadReq.m_axi.p1i64, i64 %gmem_z_addr, i32 %zext_ln29" [/home/pyx/ProjectFS/Project-X/Project-XPlus/kernels/update_p_kernel.cpp:29]   --->   Operation 162 'readreq' 'empty_21' <Predicate = true> <Delay = 2.43> <CoreInst = "m_axi">   --->   Core 121 'm_axi' <Latency = 0> <II = 1> <Delay = 1.00> <Adapter> <Opcode : 'read' 'write' 'readreq' 'writereq' 'writeresp'>

State 61 <SV = 60> <Delay = 2.43>
ST_61 : Operation 163 [11/70] (2.43ns)   --->   "%empty_21 = readreq i1 @_ssdm_op_ReadReq.m_axi.p1i64, i64 %gmem_z_addr, i32 %zext_ln29" [/home/pyx/ProjectFS/Project-X/Project-XPlus/kernels/update_p_kernel.cpp:29]   --->   Operation 163 'readreq' 'empty_21' <Predicate = true> <Delay = 2.43> <CoreInst = "m_axi">   --->   Core 121 'm_axi' <Latency = 0> <II = 1> <Delay = 1.00> <Adapter> <Opcode : 'read' 'write' 'readreq' 'writereq' 'writeresp'>

State 62 <SV = 61> <Delay = 2.43>
ST_62 : Operation 164 [10/70] (2.43ns)   --->   "%empty_21 = readreq i1 @_ssdm_op_ReadReq.m_axi.p1i64, i64 %gmem_z_addr, i32 %zext_ln29" [/home/pyx/ProjectFS/Project-X/Project-XPlus/kernels/update_p_kernel.cpp:29]   --->   Operation 164 'readreq' 'empty_21' <Predicate = true> <Delay = 2.43> <CoreInst = "m_axi">   --->   Core 121 'm_axi' <Latency = 0> <II = 1> <Delay = 1.00> <Adapter> <Opcode : 'read' 'write' 'readreq' 'writereq' 'writeresp'>

State 63 <SV = 62> <Delay = 2.43>
ST_63 : Operation 165 [9/70] (2.43ns)   --->   "%empty_21 = readreq i1 @_ssdm_op_ReadReq.m_axi.p1i64, i64 %gmem_z_addr, i32 %zext_ln29" [/home/pyx/ProjectFS/Project-X/Project-XPlus/kernels/update_p_kernel.cpp:29]   --->   Operation 165 'readreq' 'empty_21' <Predicate = true> <Delay = 2.43> <CoreInst = "m_axi">   --->   Core 121 'm_axi' <Latency = 0> <II = 1> <Delay = 1.00> <Adapter> <Opcode : 'read' 'write' 'readreq' 'writereq' 'writeresp'>

State 64 <SV = 63> <Delay = 2.43>
ST_64 : Operation 166 [8/70] (2.43ns)   --->   "%empty_21 = readreq i1 @_ssdm_op_ReadReq.m_axi.p1i64, i64 %gmem_z_addr, i32 %zext_ln29" [/home/pyx/ProjectFS/Project-X/Project-XPlus/kernels/update_p_kernel.cpp:29]   --->   Operation 166 'readreq' 'empty_21' <Predicate = true> <Delay = 2.43> <CoreInst = "m_axi">   --->   Core 121 'm_axi' <Latency = 0> <II = 1> <Delay = 1.00> <Adapter> <Opcode : 'read' 'write' 'readreq' 'writereq' 'writeresp'>

State 65 <SV = 64> <Delay = 2.43>
ST_65 : Operation 167 [7/70] (2.43ns)   --->   "%empty_21 = readreq i1 @_ssdm_op_ReadReq.m_axi.p1i64, i64 %gmem_z_addr, i32 %zext_ln29" [/home/pyx/ProjectFS/Project-X/Project-XPlus/kernels/update_p_kernel.cpp:29]   --->   Operation 167 'readreq' 'empty_21' <Predicate = true> <Delay = 2.43> <CoreInst = "m_axi">   --->   Core 121 'm_axi' <Latency = 0> <II = 1> <Delay = 1.00> <Adapter> <Opcode : 'read' 'write' 'readreq' 'writereq' 'writeresp'>

State 66 <SV = 65> <Delay = 2.43>
ST_66 : Operation 168 [6/70] (2.43ns)   --->   "%empty_21 = readreq i1 @_ssdm_op_ReadReq.m_axi.p1i64, i64 %gmem_z_addr, i32 %zext_ln29" [/home/pyx/ProjectFS/Project-X/Project-XPlus/kernels/update_p_kernel.cpp:29]   --->   Operation 168 'readreq' 'empty_21' <Predicate = true> <Delay = 2.43> <CoreInst = "m_axi">   --->   Core 121 'm_axi' <Latency = 0> <II = 1> <Delay = 1.00> <Adapter> <Opcode : 'read' 'write' 'readreq' 'writereq' 'writeresp'>

State 67 <SV = 66> <Delay = 2.43>
ST_67 : Operation 169 [5/70] (2.43ns)   --->   "%empty_21 = readreq i1 @_ssdm_op_ReadReq.m_axi.p1i64, i64 %gmem_z_addr, i32 %zext_ln29" [/home/pyx/ProjectFS/Project-X/Project-XPlus/kernels/update_p_kernel.cpp:29]   --->   Operation 169 'readreq' 'empty_21' <Predicate = true> <Delay = 2.43> <CoreInst = "m_axi">   --->   Core 121 'm_axi' <Latency = 0> <II = 1> <Delay = 1.00> <Adapter> <Opcode : 'read' 'write' 'readreq' 'writereq' 'writeresp'>

State 68 <SV = 67> <Delay = 2.43>
ST_68 : Operation 170 [4/70] (2.43ns)   --->   "%empty_21 = readreq i1 @_ssdm_op_ReadReq.m_axi.p1i64, i64 %gmem_z_addr, i32 %zext_ln29" [/home/pyx/ProjectFS/Project-X/Project-XPlus/kernels/update_p_kernel.cpp:29]   --->   Operation 170 'readreq' 'empty_21' <Predicate = true> <Delay = 2.43> <CoreInst = "m_axi">   --->   Core 121 'm_axi' <Latency = 0> <II = 1> <Delay = 1.00> <Adapter> <Opcode : 'read' 'write' 'readreq' 'writereq' 'writeresp'>

State 69 <SV = 68> <Delay = 2.43>
ST_69 : Operation 171 [3/70] (2.43ns)   --->   "%empty_21 = readreq i1 @_ssdm_op_ReadReq.m_axi.p1i64, i64 %gmem_z_addr, i32 %zext_ln29" [/home/pyx/ProjectFS/Project-X/Project-XPlus/kernels/update_p_kernel.cpp:29]   --->   Operation 171 'readreq' 'empty_21' <Predicate = true> <Delay = 2.43> <CoreInst = "m_axi">   --->   Core 121 'm_axi' <Latency = 0> <II = 1> <Delay = 1.00> <Adapter> <Opcode : 'read' 'write' 'readreq' 'writereq' 'writeresp'>

State 70 <SV = 69> <Delay = 2.43>
ST_70 : Operation 172 [2/70] (2.43ns)   --->   "%empty_21 = readreq i1 @_ssdm_op_ReadReq.m_axi.p1i64, i64 %gmem_z_addr, i32 %zext_ln29" [/home/pyx/ProjectFS/Project-X/Project-XPlus/kernels/update_p_kernel.cpp:29]   --->   Operation 172 'readreq' 'empty_21' <Predicate = true> <Delay = 2.43> <CoreInst = "m_axi">   --->   Core 121 'm_axi' <Latency = 0> <II = 1> <Delay = 1.00> <Adapter> <Opcode : 'read' 'write' 'readreq' 'writereq' 'writeresp'>

State 71 <SV = 70> <Delay = 2.43>
ST_71 : Operation 173 [1/70] (2.43ns)   --->   "%empty_21 = readreq i1 @_ssdm_op_ReadReq.m_axi.p1i64, i64 %gmem_z_addr, i32 %zext_ln29" [/home/pyx/ProjectFS/Project-X/Project-XPlus/kernels/update_p_kernel.cpp:29]   --->   Operation 173 'readreq' 'empty_21' <Predicate = true> <Delay = 2.43> <CoreInst = "m_axi">   --->   Core 121 'm_axi' <Latency = 0> <II = 1> <Delay = 1.00> <Adapter> <Opcode : 'read' 'write' 'readreq' 'writereq' 'writeresp'>

State 72 <SV = 71> <Delay = 1.14>
ST_72 : Operation 174 [2/2] (1.14ns)   --->   "%call_ln29 = call void @update_p_kernel_Pipeline_update_p_loop, i64 %gmem_p, i64 %gmem_z, i61 %trunc_ln, i11 %trunc_ln5, i64 %p_read, i64 %beta_read" [/home/pyx/ProjectFS/Project-X/Project-XPlus/kernels/update_p_kernel.cpp:29]   --->   Operation 174 'call' 'call_ln29' <Predicate = true> <Delay = 1.14> <CoreType = "Generic">   --->   Core 0 '' <Latency = 0> <II = 1> <Delay = 1.00> <Generic> <Opcode : >

State 73 <SV = 72> <Delay = 0.00>
ST_73 : Operation 175 [1/2] (0.00ns)   --->   "%call_ln29 = call void @update_p_kernel_Pipeline_update_p_loop, i64 %gmem_p, i64 %gmem_z, i61 %trunc_ln, i11 %trunc_ln5, i64 %p_read, i64 %beta_read" [/home/pyx/ProjectFS/Project-X/Project-XPlus/kernels/update_p_kernel.cpp:29]   --->   Operation 175 'call' 'call_ln29' <Predicate = (!icmp_ln24)> <Delay = 0.00> <CoreType = "Generic">   --->   Core 0 '' <Latency = 0> <II = 1> <Delay = 1.00> <Generic> <Opcode : >
ST_73 : Operation 176 [1/1] (0.00ns)   --->   "%br_ln0 = br void %cleanup.cont"   --->   Operation 176 'br' 'br_ln0' <Predicate = (!icmp_ln24)> <Delay = 0.00>
ST_73 : Operation 177 [1/1] (0.00ns)   --->   "%ret_ln33 = ret" [/home/pyx/ProjectFS/Project-X/Project-XPlus/kernels/update_p_kernel.cpp:33]   --->   Operation 177 'ret' 'ret_ln33' <Predicate = true> <Delay = 0.00>


============================================================
+ Verbose Summary: Timing violations
============================================================
Target clock period: 3.33ns, clock uncertainty: 0.9ns.

 <State 1>: 2.16ns
The critical path consists of the following:
	wire read operation ('n', /home/pyx/ProjectFS/Project-X/Project-XPlus/kernels/update_p_kernel.cpp:5) on port 'n' (/home/pyx/ProjectFS/Project-X/Project-XPlus/kernels/update_p_kernel.cpp:5) [7]  (1 ns)
	'icmp' operation ('icmp_ln29', /home/pyx/ProjectFS/Project-X/Project-XPlus/kernels/update_p_kernel.cpp:29) [32]  (0.859 ns)
	'select' operation ('empty', /home/pyx/ProjectFS/Project-X/Project-XPlus/kernels/update_p_kernel.cpp:29) [36]  (0.301 ns)

 <State 2>: 2.43ns
The critical path consists of the following:
	'getelementptr' operation ('gmem_z_addr', /home/pyx/ProjectFS/Project-X/Project-XPlus/kernels/update_p_kernel.cpp:29) [35]  (0 ns)
	bus request operation ('empty_21', /home/pyx/ProjectFS/Project-X/Project-XPlus/kernels/update_p_kernel.cpp:29) on port 'gmem_z' (/home/pyx/ProjectFS/Project-X/Project-XPlus/kernels/update_p_kernel.cpp:29) [38]  (2.43 ns)

 <State 3>: 2.43ns
The critical path consists of the following:
	bus request operation ('empty_21', /home/pyx/ProjectFS/Project-X/Project-XPlus/kernels/update_p_kernel.cpp:29) on port 'gmem_z' (/home/pyx/ProjectFS/Project-X/Project-XPlus/kernels/update_p_kernel.cpp:29) [38]  (2.43 ns)

 <State 4>: 2.43ns
The critical path consists of the following:
	bus request operation ('empty_21', /home/pyx/ProjectFS/Project-X/Project-XPlus/kernels/update_p_kernel.cpp:29) on port 'gmem_z' (/home/pyx/ProjectFS/Project-X/Project-XPlus/kernels/update_p_kernel.cpp:29) [38]  (2.43 ns)

 <State 5>: 2.43ns
The critical path consists of the following:
	bus request operation ('empty_21', /home/pyx/ProjectFS/Project-X/Project-XPlus/kernels/update_p_kernel.cpp:29) on port 'gmem_z' (/home/pyx/ProjectFS/Project-X/Project-XPlus/kernels/update_p_kernel.cpp:29) [38]  (2.43 ns)

 <State 6>: 2.43ns
The critical path consists of the following:
	bus request operation ('empty_21', /home/pyx/ProjectFS/Project-X/Project-XPlus/kernels/update_p_kernel.cpp:29) on port 'gmem_z' (/home/pyx/ProjectFS/Project-X/Project-XPlus/kernels/update_p_kernel.cpp:29) [38]  (2.43 ns)

 <State 7>: 2.43ns
The critical path consists of the following:
	bus request operation ('empty_21', /home/pyx/ProjectFS/Project-X/Project-XPlus/kernels/update_p_kernel.cpp:29) on port 'gmem_z' (/home/pyx/ProjectFS/Project-X/Project-XPlus/kernels/update_p_kernel.cpp:29) [38]  (2.43 ns)

 <State 8>: 2.43ns
The critical path consists of the following:
	bus request operation ('empty_21', /home/pyx/ProjectFS/Project-X/Project-XPlus/kernels/update_p_kernel.cpp:29) on port 'gmem_z' (/home/pyx/ProjectFS/Project-X/Project-XPlus/kernels/update_p_kernel.cpp:29) [38]  (2.43 ns)

 <State 9>: 2.43ns
The critical path consists of the following:
	bus request operation ('empty_21', /home/pyx/ProjectFS/Project-X/Project-XPlus/kernels/update_p_kernel.cpp:29) on port 'gmem_z' (/home/pyx/ProjectFS/Project-X/Project-XPlus/kernels/update_p_kernel.cpp:29) [38]  (2.43 ns)

 <State 10>: 2.43ns
The critical path consists of the following:
	bus request operation ('empty_21', /home/pyx/ProjectFS/Project-X/Project-XPlus/kernels/update_p_kernel.cpp:29) on port 'gmem_z' (/home/pyx/ProjectFS/Project-X/Project-XPlus/kernels/update_p_kernel.cpp:29) [38]  (2.43 ns)

 <State 11>: 2.43ns
The critical path consists of the following:
	bus request operation ('empty_21', /home/pyx/ProjectFS/Project-X/Project-XPlus/kernels/update_p_kernel.cpp:29) on port 'gmem_z' (/home/pyx/ProjectFS/Project-X/Project-XPlus/kernels/update_p_kernel.cpp:29) [38]  (2.43 ns)

 <State 12>: 2.43ns
The critical path consists of the following:
	bus request operation ('empty_21', /home/pyx/ProjectFS/Project-X/Project-XPlus/kernels/update_p_kernel.cpp:29) on port 'gmem_z' (/home/pyx/ProjectFS/Project-X/Project-XPlus/kernels/update_p_kernel.cpp:29) [38]  (2.43 ns)

 <State 13>: 2.43ns
The critical path consists of the following:
	bus request operation ('empty_21', /home/pyx/ProjectFS/Project-X/Project-XPlus/kernels/update_p_kernel.cpp:29) on port 'gmem_z' (/home/pyx/ProjectFS/Project-X/Project-XPlus/kernels/update_p_kernel.cpp:29) [38]  (2.43 ns)

 <State 14>: 2.43ns
The critical path consists of the following:
	bus request operation ('empty_21', /home/pyx/ProjectFS/Project-X/Project-XPlus/kernels/update_p_kernel.cpp:29) on port 'gmem_z' (/home/pyx/ProjectFS/Project-X/Project-XPlus/kernels/update_p_kernel.cpp:29) [38]  (2.43 ns)

 <State 15>: 2.43ns
The critical path consists of the following:
	bus request operation ('empty_21', /home/pyx/ProjectFS/Project-X/Project-XPlus/kernels/update_p_kernel.cpp:29) on port 'gmem_z' (/home/pyx/ProjectFS/Project-X/Project-XPlus/kernels/update_p_kernel.cpp:29) [38]  (2.43 ns)

 <State 16>: 2.43ns
The critical path consists of the following:
	bus request operation ('empty_21', /home/pyx/ProjectFS/Project-X/Project-XPlus/kernels/update_p_kernel.cpp:29) on port 'gmem_z' (/home/pyx/ProjectFS/Project-X/Project-XPlus/kernels/update_p_kernel.cpp:29) [38]  (2.43 ns)

 <State 17>: 2.43ns
The critical path consists of the following:
	bus request operation ('empty_21', /home/pyx/ProjectFS/Project-X/Project-XPlus/kernels/update_p_kernel.cpp:29) on port 'gmem_z' (/home/pyx/ProjectFS/Project-X/Project-XPlus/kernels/update_p_kernel.cpp:29) [38]  (2.43 ns)

 <State 18>: 2.43ns
The critical path consists of the following:
	bus request operation ('empty_21', /home/pyx/ProjectFS/Project-X/Project-XPlus/kernels/update_p_kernel.cpp:29) on port 'gmem_z' (/home/pyx/ProjectFS/Project-X/Project-XPlus/kernels/update_p_kernel.cpp:29) [38]  (2.43 ns)

 <State 19>: 2.43ns
The critical path consists of the following:
	bus request operation ('empty_21', /home/pyx/ProjectFS/Project-X/Project-XPlus/kernels/update_p_kernel.cpp:29) on port 'gmem_z' (/home/pyx/ProjectFS/Project-X/Project-XPlus/kernels/update_p_kernel.cpp:29) [38]  (2.43 ns)

 <State 20>: 2.43ns
The critical path consists of the following:
	bus request operation ('empty_21', /home/pyx/ProjectFS/Project-X/Project-XPlus/kernels/update_p_kernel.cpp:29) on port 'gmem_z' (/home/pyx/ProjectFS/Project-X/Project-XPlus/kernels/update_p_kernel.cpp:29) [38]  (2.43 ns)

 <State 21>: 2.43ns
The critical path consists of the following:
	bus request operation ('empty_21', /home/pyx/ProjectFS/Project-X/Project-XPlus/kernels/update_p_kernel.cpp:29) on port 'gmem_z' (/home/pyx/ProjectFS/Project-X/Project-XPlus/kernels/update_p_kernel.cpp:29) [38]  (2.43 ns)

 <State 22>: 2.43ns
The critical path consists of the following:
	bus request operation ('empty_21', /home/pyx/ProjectFS/Project-X/Project-XPlus/kernels/update_p_kernel.cpp:29) on port 'gmem_z' (/home/pyx/ProjectFS/Project-X/Project-XPlus/kernels/update_p_kernel.cpp:29) [38]  (2.43 ns)

 <State 23>: 2.43ns
The critical path consists of the following:
	bus request operation ('empty_21', /home/pyx/ProjectFS/Project-X/Project-XPlus/kernels/update_p_kernel.cpp:29) on port 'gmem_z' (/home/pyx/ProjectFS/Project-X/Project-XPlus/kernels/update_p_kernel.cpp:29) [38]  (2.43 ns)

 <State 24>: 2.43ns
The critical path consists of the following:
	bus request operation ('empty_21', /home/pyx/ProjectFS/Project-X/Project-XPlus/kernels/update_p_kernel.cpp:29) on port 'gmem_z' (/home/pyx/ProjectFS/Project-X/Project-XPlus/kernels/update_p_kernel.cpp:29) [38]  (2.43 ns)

 <State 25>: 2.43ns
The critical path consists of the following:
	bus request operation ('empty_21', /home/pyx/ProjectFS/Project-X/Project-XPlus/kernels/update_p_kernel.cpp:29) on port 'gmem_z' (/home/pyx/ProjectFS/Project-X/Project-XPlus/kernels/update_p_kernel.cpp:29) [38]  (2.43 ns)

 <State 26>: 2.43ns
The critical path consists of the following:
	bus request operation ('empty_21', /home/pyx/ProjectFS/Project-X/Project-XPlus/kernels/update_p_kernel.cpp:29) on port 'gmem_z' (/home/pyx/ProjectFS/Project-X/Project-XPlus/kernels/update_p_kernel.cpp:29) [38]  (2.43 ns)

 <State 27>: 2.43ns
The critical path consists of the following:
	bus request operation ('empty_21', /home/pyx/ProjectFS/Project-X/Project-XPlus/kernels/update_p_kernel.cpp:29) on port 'gmem_z' (/home/pyx/ProjectFS/Project-X/Project-XPlus/kernels/update_p_kernel.cpp:29) [38]  (2.43 ns)

 <State 28>: 2.43ns
The critical path consists of the following:
	bus request operation ('empty_21', /home/pyx/ProjectFS/Project-X/Project-XPlus/kernels/update_p_kernel.cpp:29) on port 'gmem_z' (/home/pyx/ProjectFS/Project-X/Project-XPlus/kernels/update_p_kernel.cpp:29) [38]  (2.43 ns)

 <State 29>: 2.43ns
The critical path consists of the following:
	bus request operation ('empty_21', /home/pyx/ProjectFS/Project-X/Project-XPlus/kernels/update_p_kernel.cpp:29) on port 'gmem_z' (/home/pyx/ProjectFS/Project-X/Project-XPlus/kernels/update_p_kernel.cpp:29) [38]  (2.43 ns)

 <State 30>: 2.43ns
The critical path consists of the following:
	bus request operation ('empty_21', /home/pyx/ProjectFS/Project-X/Project-XPlus/kernels/update_p_kernel.cpp:29) on port 'gmem_z' (/home/pyx/ProjectFS/Project-X/Project-XPlus/kernels/update_p_kernel.cpp:29) [38]  (2.43 ns)

 <State 31>: 2.43ns
The critical path consists of the following:
	bus request operation ('empty_21', /home/pyx/ProjectFS/Project-X/Project-XPlus/kernels/update_p_kernel.cpp:29) on port 'gmem_z' (/home/pyx/ProjectFS/Project-X/Project-XPlus/kernels/update_p_kernel.cpp:29) [38]  (2.43 ns)

 <State 32>: 2.43ns
The critical path consists of the following:
	bus request operation ('empty_21', /home/pyx/ProjectFS/Project-X/Project-XPlus/kernels/update_p_kernel.cpp:29) on port 'gmem_z' (/home/pyx/ProjectFS/Project-X/Project-XPlus/kernels/update_p_kernel.cpp:29) [38]  (2.43 ns)

 <State 33>: 2.43ns
The critical path consists of the following:
	bus request operation ('empty_21', /home/pyx/ProjectFS/Project-X/Project-XPlus/kernels/update_p_kernel.cpp:29) on port 'gmem_z' (/home/pyx/ProjectFS/Project-X/Project-XPlus/kernels/update_p_kernel.cpp:29) [38]  (2.43 ns)

 <State 34>: 2.43ns
The critical path consists of the following:
	bus request operation ('empty_21', /home/pyx/ProjectFS/Project-X/Project-XPlus/kernels/update_p_kernel.cpp:29) on port 'gmem_z' (/home/pyx/ProjectFS/Project-X/Project-XPlus/kernels/update_p_kernel.cpp:29) [38]  (2.43 ns)

 <State 35>: 2.43ns
The critical path consists of the following:
	bus request operation ('empty_21', /home/pyx/ProjectFS/Project-X/Project-XPlus/kernels/update_p_kernel.cpp:29) on port 'gmem_z' (/home/pyx/ProjectFS/Project-X/Project-XPlus/kernels/update_p_kernel.cpp:29) [38]  (2.43 ns)

 <State 36>: 2.43ns
The critical path consists of the following:
	bus request operation ('empty_21', /home/pyx/ProjectFS/Project-X/Project-XPlus/kernels/update_p_kernel.cpp:29) on port 'gmem_z' (/home/pyx/ProjectFS/Project-X/Project-XPlus/kernels/update_p_kernel.cpp:29) [38]  (2.43 ns)

 <State 37>: 2.43ns
The critical path consists of the following:
	bus request operation ('empty_21', /home/pyx/ProjectFS/Project-X/Project-XPlus/kernels/update_p_kernel.cpp:29) on port 'gmem_z' (/home/pyx/ProjectFS/Project-X/Project-XPlus/kernels/update_p_kernel.cpp:29) [38]  (2.43 ns)

 <State 38>: 2.43ns
The critical path consists of the following:
	bus request operation ('empty_21', /home/pyx/ProjectFS/Project-X/Project-XPlus/kernels/update_p_kernel.cpp:29) on port 'gmem_z' (/home/pyx/ProjectFS/Project-X/Project-XPlus/kernels/update_p_kernel.cpp:29) [38]  (2.43 ns)

 <State 39>: 2.43ns
The critical path consists of the following:
	bus request operation ('empty_21', /home/pyx/ProjectFS/Project-X/Project-XPlus/kernels/update_p_kernel.cpp:29) on port 'gmem_z' (/home/pyx/ProjectFS/Project-X/Project-XPlus/kernels/update_p_kernel.cpp:29) [38]  (2.43 ns)

 <State 40>: 2.43ns
The critical path consists of the following:
	bus request operation ('empty_21', /home/pyx/ProjectFS/Project-X/Project-XPlus/kernels/update_p_kernel.cpp:29) on port 'gmem_z' (/home/pyx/ProjectFS/Project-X/Project-XPlus/kernels/update_p_kernel.cpp:29) [38]  (2.43 ns)

 <State 41>: 2.43ns
The critical path consists of the following:
	bus request operation ('empty_21', /home/pyx/ProjectFS/Project-X/Project-XPlus/kernels/update_p_kernel.cpp:29) on port 'gmem_z' (/home/pyx/ProjectFS/Project-X/Project-XPlus/kernels/update_p_kernel.cpp:29) [38]  (2.43 ns)

 <State 42>: 2.43ns
The critical path consists of the following:
	bus request operation ('empty_21', /home/pyx/ProjectFS/Project-X/Project-XPlus/kernels/update_p_kernel.cpp:29) on port 'gmem_z' (/home/pyx/ProjectFS/Project-X/Project-XPlus/kernels/update_p_kernel.cpp:29) [38]  (2.43 ns)

 <State 43>: 2.43ns
The critical path consists of the following:
	bus request operation ('empty_21', /home/pyx/ProjectFS/Project-X/Project-XPlus/kernels/update_p_kernel.cpp:29) on port 'gmem_z' (/home/pyx/ProjectFS/Project-X/Project-XPlus/kernels/update_p_kernel.cpp:29) [38]  (2.43 ns)

 <State 44>: 2.43ns
The critical path consists of the following:
	bus request operation ('empty_21', /home/pyx/ProjectFS/Project-X/Project-XPlus/kernels/update_p_kernel.cpp:29) on port 'gmem_z' (/home/pyx/ProjectFS/Project-X/Project-XPlus/kernels/update_p_kernel.cpp:29) [38]  (2.43 ns)

 <State 45>: 2.43ns
The critical path consists of the following:
	bus request operation ('empty_21', /home/pyx/ProjectFS/Project-X/Project-XPlus/kernels/update_p_kernel.cpp:29) on port 'gmem_z' (/home/pyx/ProjectFS/Project-X/Project-XPlus/kernels/update_p_kernel.cpp:29) [38]  (2.43 ns)

 <State 46>: 2.43ns
The critical path consists of the following:
	bus request operation ('empty_21', /home/pyx/ProjectFS/Project-X/Project-XPlus/kernels/update_p_kernel.cpp:29) on port 'gmem_z' (/home/pyx/ProjectFS/Project-X/Project-XPlus/kernels/update_p_kernel.cpp:29) [38]  (2.43 ns)

 <State 47>: 2.43ns
The critical path consists of the following:
	bus request operation ('empty_21', /home/pyx/ProjectFS/Project-X/Project-XPlus/kernels/update_p_kernel.cpp:29) on port 'gmem_z' (/home/pyx/ProjectFS/Project-X/Project-XPlus/kernels/update_p_kernel.cpp:29) [38]  (2.43 ns)

 <State 48>: 2.43ns
The critical path consists of the following:
	bus request operation ('empty_21', /home/pyx/ProjectFS/Project-X/Project-XPlus/kernels/update_p_kernel.cpp:29) on port 'gmem_z' (/home/pyx/ProjectFS/Project-X/Project-XPlus/kernels/update_p_kernel.cpp:29) [38]  (2.43 ns)

 <State 49>: 2.43ns
The critical path consists of the following:
	bus request operation ('empty_21', /home/pyx/ProjectFS/Project-X/Project-XPlus/kernels/update_p_kernel.cpp:29) on port 'gmem_z' (/home/pyx/ProjectFS/Project-X/Project-XPlus/kernels/update_p_kernel.cpp:29) [38]  (2.43 ns)

 <State 50>: 2.43ns
The critical path consists of the following:
	bus request operation ('empty_21', /home/pyx/ProjectFS/Project-X/Project-XPlus/kernels/update_p_kernel.cpp:29) on port 'gmem_z' (/home/pyx/ProjectFS/Project-X/Project-XPlus/kernels/update_p_kernel.cpp:29) [38]  (2.43 ns)

 <State 51>: 2.43ns
The critical path consists of the following:
	bus request operation ('empty_21', /home/pyx/ProjectFS/Project-X/Project-XPlus/kernels/update_p_kernel.cpp:29) on port 'gmem_z' (/home/pyx/ProjectFS/Project-X/Project-XPlus/kernels/update_p_kernel.cpp:29) [38]  (2.43 ns)

 <State 52>: 2.43ns
The critical path consists of the following:
	bus request operation ('empty_21', /home/pyx/ProjectFS/Project-X/Project-XPlus/kernels/update_p_kernel.cpp:29) on port 'gmem_z' (/home/pyx/ProjectFS/Project-X/Project-XPlus/kernels/update_p_kernel.cpp:29) [38]  (2.43 ns)

 <State 53>: 2.43ns
The critical path consists of the following:
	bus request operation ('empty_21', /home/pyx/ProjectFS/Project-X/Project-XPlus/kernels/update_p_kernel.cpp:29) on port 'gmem_z' (/home/pyx/ProjectFS/Project-X/Project-XPlus/kernels/update_p_kernel.cpp:29) [38]  (2.43 ns)

 <State 54>: 2.43ns
The critical path consists of the following:
	bus request operation ('empty_21', /home/pyx/ProjectFS/Project-X/Project-XPlus/kernels/update_p_kernel.cpp:29) on port 'gmem_z' (/home/pyx/ProjectFS/Project-X/Project-XPlus/kernels/update_p_kernel.cpp:29) [38]  (2.43 ns)

 <State 55>: 2.43ns
The critical path consists of the following:
	bus request operation ('empty_21', /home/pyx/ProjectFS/Project-X/Project-XPlus/kernels/update_p_kernel.cpp:29) on port 'gmem_z' (/home/pyx/ProjectFS/Project-X/Project-XPlus/kernels/update_p_kernel.cpp:29) [38]  (2.43 ns)

 <State 56>: 2.43ns
The critical path consists of the following:
	bus request operation ('empty_21', /home/pyx/ProjectFS/Project-X/Project-XPlus/kernels/update_p_kernel.cpp:29) on port 'gmem_z' (/home/pyx/ProjectFS/Project-X/Project-XPlus/kernels/update_p_kernel.cpp:29) [38]  (2.43 ns)

 <State 57>: 2.43ns
The critical path consists of the following:
	bus request operation ('empty_21', /home/pyx/ProjectFS/Project-X/Project-XPlus/kernels/update_p_kernel.cpp:29) on port 'gmem_z' (/home/pyx/ProjectFS/Project-X/Project-XPlus/kernels/update_p_kernel.cpp:29) [38]  (2.43 ns)

 <State 58>: 2.43ns
The critical path consists of the following:
	bus request operation ('empty_21', /home/pyx/ProjectFS/Project-X/Project-XPlus/kernels/update_p_kernel.cpp:29) on port 'gmem_z' (/home/pyx/ProjectFS/Project-X/Project-XPlus/kernels/update_p_kernel.cpp:29) [38]  (2.43 ns)

 <State 59>: 2.43ns
The critical path consists of the following:
	bus request operation ('empty_21', /home/pyx/ProjectFS/Project-X/Project-XPlus/kernels/update_p_kernel.cpp:29) on port 'gmem_z' (/home/pyx/ProjectFS/Project-X/Project-XPlus/kernels/update_p_kernel.cpp:29) [38]  (2.43 ns)

 <State 60>: 2.43ns
The critical path consists of the following:
	bus request operation ('empty_21', /home/pyx/ProjectFS/Project-X/Project-XPlus/kernels/update_p_kernel.cpp:29) on port 'gmem_z' (/home/pyx/ProjectFS/Project-X/Project-XPlus/kernels/update_p_kernel.cpp:29) [38]  (2.43 ns)

 <State 61>: 2.43ns
The critical path consists of the following:
	bus request operation ('empty_21', /home/pyx/ProjectFS/Project-X/Project-XPlus/kernels/update_p_kernel.cpp:29) on port 'gmem_z' (/home/pyx/ProjectFS/Project-X/Project-XPlus/kernels/update_p_kernel.cpp:29) [38]  (2.43 ns)

 <State 62>: 2.43ns
The critical path consists of the following:
	bus request operation ('empty_21', /home/pyx/ProjectFS/Project-X/Project-XPlus/kernels/update_p_kernel.cpp:29) on port 'gmem_z' (/home/pyx/ProjectFS/Project-X/Project-XPlus/kernels/update_p_kernel.cpp:29) [38]  (2.43 ns)

 <State 63>: 2.43ns
The critical path consists of the following:
	bus request operation ('empty_21', /home/pyx/ProjectFS/Project-X/Project-XPlus/kernels/update_p_kernel.cpp:29) on port 'gmem_z' (/home/pyx/ProjectFS/Project-X/Project-XPlus/kernels/update_p_kernel.cpp:29) [38]  (2.43 ns)

 <State 64>: 2.43ns
The critical path consists of the following:
	bus request operation ('empty_21', /home/pyx/ProjectFS/Project-X/Project-XPlus/kernels/update_p_kernel.cpp:29) on port 'gmem_z' (/home/pyx/ProjectFS/Project-X/Project-XPlus/kernels/update_p_kernel.cpp:29) [38]  (2.43 ns)

 <State 65>: 2.43ns
The critical path consists of the following:
	bus request operation ('empty_21', /home/pyx/ProjectFS/Project-X/Project-XPlus/kernels/update_p_kernel.cpp:29) on port 'gmem_z' (/home/pyx/ProjectFS/Project-X/Project-XPlus/kernels/update_p_kernel.cpp:29) [38]  (2.43 ns)

 <State 66>: 2.43ns
The critical path consists of the following:
	bus request operation ('empty_21', /home/pyx/ProjectFS/Project-X/Project-XPlus/kernels/update_p_kernel.cpp:29) on port 'gmem_z' (/home/pyx/ProjectFS/Project-X/Project-XPlus/kernels/update_p_kernel.cpp:29) [38]  (2.43 ns)

 <State 67>: 2.43ns
The critical path consists of the following:
	bus request operation ('empty_21', /home/pyx/ProjectFS/Project-X/Project-XPlus/kernels/update_p_kernel.cpp:29) on port 'gmem_z' (/home/pyx/ProjectFS/Project-X/Project-XPlus/kernels/update_p_kernel.cpp:29) [38]  (2.43 ns)

 <State 68>: 2.43ns
The critical path consists of the following:
	bus request operation ('empty_21', /home/pyx/ProjectFS/Project-X/Project-XPlus/kernels/update_p_kernel.cpp:29) on port 'gmem_z' (/home/pyx/ProjectFS/Project-X/Project-XPlus/kernels/update_p_kernel.cpp:29) [38]  (2.43 ns)

 <State 69>: 2.43ns
The critical path consists of the following:
	bus request operation ('empty_21', /home/pyx/ProjectFS/Project-X/Project-XPlus/kernels/update_p_kernel.cpp:29) on port 'gmem_z' (/home/pyx/ProjectFS/Project-X/Project-XPlus/kernels/update_p_kernel.cpp:29) [38]  (2.43 ns)

 <State 70>: 2.43ns
The critical path consists of the following:
	bus request operation ('empty_21', /home/pyx/ProjectFS/Project-X/Project-XPlus/kernels/update_p_kernel.cpp:29) on port 'gmem_z' (/home/pyx/ProjectFS/Project-X/Project-XPlus/kernels/update_p_kernel.cpp:29) [38]  (2.43 ns)

 <State 71>: 2.43ns
The critical path consists of the following:
	bus request operation ('empty_21', /home/pyx/ProjectFS/Project-X/Project-XPlus/kernels/update_p_kernel.cpp:29) on port 'gmem_z' (/home/pyx/ProjectFS/Project-X/Project-XPlus/kernels/update_p_kernel.cpp:29) [38]  (2.43 ns)

 <State 72>: 1.15ns
The critical path consists of the following:
	'call' operation ('call_ln29', /home/pyx/ProjectFS/Project-X/Project-XPlus/kernels/update_p_kernel.cpp:29) to 'update_p_kernel_Pipeline_update_p_loop' [39]  (1.15 ns)

 <State 73>: 0ns
The critical path consists of the following:


============================================================
+ Verbose Summary: Binding
============================================================
N/A
* FSMD analyzer results:
  - Output states:
 - Input state : 
  - Chain level:
	State 1
	State 2
	State 3
	State 4
	State 5
	State 6
	State 7
	State 8
	State 9
	State 10
	State 11
	State 12
	State 13
	State 14
	State 15
	State 16
	State 17
	State 18
	State 19
	State 20
	State 21
	State 22
	State 23
	State 24
	State 25
	State 26
	State 27
	State 28
	State 29
	State 30
	State 31
	State 32
	State 33
	State 34
	State 35
	State 36
	State 37
	State 38
	State 39
	State 40
	State 41
	State 42
	State 43
	State 44
	State 45
	State 46
	State 47
	State 48
	State 49
	State 50
	State 51
	State 52
	State 53
	State 54
	State 55
	State 56
	State 57
	State 58
	State 59
	State 60
	State 61
	State 62
	State 63
	State 64
	State 65
	State 66
	State 67
	State 68
	State 69
	State 70
	State 71
	State 72
	State 73


============================================================
+ Verbose Summary: Datapath Resource usage 
============================================================
N/A
